// Jest Snapshot v1, https://goo.gl/fbAQLP

exports[`matches Dragon container 1`] = `
<div>
  <div
    className="dragons-container"
  />
</div>
`;
