// Jest Snapshot v1, https://goo.gl/fbAQLP

exports[`Rocket page tests Page renders as expected 1`] = `
<div
  data-testid="rocketsDisplay"
/>
`;
